2026-09-07 18:59:40 - INFO - movement.py:28 - file_organiser.movement - Destination folder ready: /var/folders/98/6d1s27l14q56zvqzphktzs2m0000gn/T/tmpk9o4omsu/out/Text
2026-09-07 18:59:40 - INFO - movement.py:74 - file_organiser.movement - Moved '/var/folders/98/6d1s27l14q56zvqzphktzs2m0000gn/T/tmpk9o4omsu/a.txt' -> '/var/folders/98/6d1s27l14q56zvqzphktzs2m0000gn/T/tmpk9o4omsu/out/Text/a.txt' (category 'Text')
2026-09-08 22:01:42 - WARNING - detection.py:92 - file_organiser.detection - Unsupported file type: file.xyz (extension '.xyz')
2026-09-08 22:01:42 - WARNING - detection.py:92 - file_organiser.detection - Unsupported file type: file.xyz (extension '.xyz')
2026-09-08 22:01:42 - INFO - movement.py:71 - file_organiser.movement - Destination folder ready: /private/var/folders/98/6d1s27l14q56zvqzphktzs2m0000gn/T/pytest-of-sravankumarbandaru/pytest-0/test_ensure_destination_create0/new_folder
2026-09-08 22:01:42 - INFO - movement.py:71 - file_organiser.movement - Destination folder ready: /private/var/folders/98/6d1s27l14q56zvqzphktzs2m0000gn/T/pytest-of-sravankumarbandaru/pytest-0/test_ensure_destination_existi0/existing
2026-09-08 22:01:42 - INFO - movement.py:71 - file_organiser.movement - Destination folder ready: /private/var/folders/98/6d1s27l14q56zvqzphktzs2m0000gn/T/pytest-of-sravankumarbandaru/pytest-0/test_move_file_basic0/dest/Images
2026-09-08 22:01:42 - INFO - movement.py:163 - file_organiser.movement - Moved '/private/var/folders/98/6d1s27l14q56zvqzphktzs2m0000gn/T/pytest-of-sravankumarbandaru/pytest-0/test_move_file_basic0/src/photo.jpg' -> '/private/var/folders/98/6d1s27l14q56zvqzphktzs2m0000gn/T/pytest-of-sravankumarbandaru/pytest-0/test_move_file_basic0/dest/Images/photo.jpg' (category 'Images')
2026-09-08 22:01:42 - ERROR - movement.py:97 - file_organiser.movement - File does not exist: /private/var/folders/98/6d1s27l14q56zvqzphktzs2m0000gn/T/pytest-of-sravankumarbandaru/pytest-0/test_move_file_missing_source0/nonexistent.txt
2026-09-08 22:01:42 - INFO - movement.py:71 - file_organiser.movement - Destination folder ready: /private/var/folders/98/6d1s27l14q56zvqzphktzs2m0000gn/T/pytest-of-sravankumarbandaru/pytest-0/test_move_file_duplicate_no_ov0/dest/Text
2026-09-08 22:01:42 - WARNING - movement.py:142 - file_organiser.movement - Duplicate file, refusing to overwrite: /private/var/folders/98/6d1s27l14q56zvqzphktzs2m0000gn/T/pytest-of-sravankumarbandaru/pytest-0/test_move_file_duplicate_no_ov0/dest/Text/file.txt
2026-09-08 22:01:42 - INFO - movement.py:71 - file_organiser.movement - Destination folder ready: /private/var/folders/98/6d1s27l14q56zvqzphktzs2m0000gn/T/pytest-of-sravankumarbandaru/pytest-0/test_move_file_duplicate_with_0/dest/Text
2026-09-08 22:01:42 - WARNING - movement.py:135 - file_organiser.movement - Overwriting existing destination: /private/var/folders/98/6d1s27l14q56zvqzphktzs2m0000gn/T/pytest-of-sravankumarbandaru/pytest-0/test_move_file_duplicate_with_0/dest/Text/file.txt
2026-09-08 22:01:42 - INFO - movement.py:163 - file_organiser.movement - Moved '/private/var/folders/98/6d1s27l14q56zvqzphktzs2m0000gn/T/pytest-of-sravankumarbandaru/pytest-0/test_move_file_duplicate_with_0/file.txt' -> '/private/var/folders/98/6d1s27l14q56zvqzphktzs2m0000gn/T/pytest-of-sravankumarbandaru/pytest-0/test_move_file_duplicate_with_0/dest/Text/file.txt' (category 'Text')
2026-09-08 22:01:42 - INFO - movement.py:71 - file_organiser.movement - Destination folder ready: /private/var/folders/98/6d1s27l14q56zvqzphktzs2m0000gn/T/pytest-of-sravankumarbandaru/pytest-0/test_move_file_unknown_extensi0/Unknown
2026-09-08 22:01:42 - INFO - movement.py:163 - file_organiser.movement - Moved '/private/var/folders/98/6d1s27l14q56zvqzphktzs2m0000gn/T/pytest-of-sravankumarbandaru/pytest-0/test_move_file_unknown_extensi0/weird.xyz' -> '/private/var/folders/98/6d1s27l14q56zvqzphktzs2m0000gn/T/pytest-of-sravankumarbandaru/pytest-0/test_move_file_unknown_extensi0/Unknown/weird.xyz' (category 'Unknown')
2026-09-08 22:01:42 - INFO - movement.py:71 - file_organiser.movement - Destination folder ready: /private/var/folders/98/6d1s27l14q56zvqzphktzs2m0000gn/T/pytest-of-sravankumarbandaru/pytest-0/test_move_file_already_in_dest0/dest/Images
2026-09-08 22:01:42 - ERROR - movement.py:118 - file_organiser.movement - /private/var/folders/98/6d1s27l14q56zvqzphktzs2m0000gn/T/pytest-of-sravankumarbandaru/pytest-0/test_move_file_already_in_dest0/dest/Images/pic.jpg is already inside its destination folder
2026-09-08 22:01:42 - INFO - movement.py:71 - file_organiser.movement - Destination folder ready: /private/var/folders/98/6d1s27l14q56zvqzphktzs2m0000gn/T/pytest-of-sravankumarbandaru/pytest-0/test_move_file_creates_categor0/organized/Audio
2026-09-08 22:01:42 - INFO - movement.py:163 - file_organiser.movement - Moved '/private/var/folders/98/6d1s27l14q56zvqzphktzs2m0000gn/T/pytest-of-sravankumarbandaru/pytest-0/test_move_file_creates_categor0/song.mp3' -> '/private/var/folders/98/6d1s27l14q56zvqzphktzs2m0000gn/T/pytest-of-sravankumarbandaru/pytest-0/test_move_file_creates_categor0/organized/Audio/song.mp3' (category 'Audio')
2026-09-08 22:16:37 - WARNING - detection.py:92 - file_organiser.detection - Unsupported file type: file.xyz (extension '.xyz')
2026-09-08 22:16:37 - WARNING - detection.py:92 - file_organiser.detection - Unsupported file type: file.xyz (extension '.xyz')
2026-09-08 22:16:37 - INFO - movement.py:71 - file_organiser.movement - Destination folder ready: /private/var/folders/98/6d1s27l14q56zvqzphktzs2m0000gn/T/pytest-of-sravankumarbandaru/pytest-1/test_ensure_destination_create0/new_folder
2026-09-08 22:16:37 - INFO - movement.py:71 - file_organiser.movement - Destination folder ready: /private/var/folders/98/6d1s27l14q56zvqzphktzs2m0000gn/T/pytest-of-sravankumarbandaru/pytest-1/test_ensure_destination_existi0/existing
2026-09-08 22:16:37 - INFO - movement.py:71 - file_organiser.movement - Destination folder ready: /private/var/folders/98/6d1s27l14q56zvqzphktzs2m0000gn/T/pytest-of-sravankumarbandaru/pytest-1/test_move_file_basic0/dest/Images
2026-09-08 22:16:37 - INFO - movement.py:163 - file_organiser.movement - Moved '/private/var/folders/98/6d1s27l14q56zvqzphktzs2m0000gn/T/pytest-of-sravankumarbandaru/pytest-1/test_move_file_basic0/src/photo.jpg' -> '/private/var/folders/98/6d1s27l14q56zvqzphktzs2m0000gn/T/pytest-of-sravankumarbandaru/pytest-1/test_move_file_basic0/dest/Images/photo.jpg' (category 'Images')
2026-09-08 22:16:37 - ERROR - movement.py:97 - file_organiser.movement - File does not exist: /private/var/folders/98/6d1s27l14q56zvqzphktzs2m0000gn/T/pytest-of-sravankumarbandaru/pytest-1/test_move_file_missing_source0/nonexistent.txt
2026-09-08 22:16:37 - INFO - movement.py:71 - file_organiser.movement - Destination folder ready: /private/var/folders/98/6d1s27l14q56zvqzphktzs2m0000gn/T/pytest-of-sravankumarbandaru/pytest-1/test_move_file_duplicate_no_ov0/dest/Text
2026-09-08 22:16:37 - WARNING - movement.py:142 - file_organiser.movement - Duplicate file, refusing to overwrite: /private/var/folders/98/6d1s27l14q56zvqzphktzs2m0000gn/T/pytest-of-sravankumarbandaru/pytest-1/test_move_file_duplicate_no_ov0/dest/Text/file.txt
2026-09-08 22:16:37 - INFO - movement.py:71 - file_organiser.movement - Destination folder ready: /private/var/folders/98/6d1s27l14q56zvqzphktzs2m0000gn/T/pytest-of-sravankumarbandaru/pytest-1/test_move_file_duplicate_with_0/dest/Text
2026-09-08 22:16:37 - WARNING - movement.py:135 - file_organiser.movement - Overwriting existing destination: /private/var/folders/98/6d1s27l14q56zvqzphktzs2m0000gn/T/pytest-of-sravankumarbandaru/pytest-1/test_move_file_duplicate_with_0/dest/Text/file.txt
2026-09-08 22:16:37 - INFO - movement.py:163 - file_organiser.movement - Moved '/private/var/folders/98/6d1s27l14q56zvqzphktzs2m0000gn/T/pytest-of-sravankumarbandaru/pytest-1/test_move_file_duplicate_with_0/file.txt' -> '/private/var/folders/98/6d1s27l14q56zvqzphktzs2m0000gn/T/pytest-of-sravankumarbandaru/pytest-1/test_move_file_duplicate_with_0/dest/Text/file.txt' (category 'Text')
2026-09-08 22:16:37 - INFO - movement.py:71 - file_organiser.movement - Destination folder ready: /private/var/folders/98/6d1s27l14q56zvqzphktzs2m0000gn/T/pytest-of-sravankumarbandaru/pytest-1/test_move_file_unknown_extensi0/Unknown
2026-09-08 22:16:37 - INFO - movement.py:163 - file_organiser.movement - Moved '/private/var/folders/98/6d1s27l14q56zvqzphktzs2m0000gn/T/pytest-of-sravankumarbandaru/pytest-1/test_move_file_unknown_extensi0/weird.xyz' -> '/private/var/folders/98/6d1s27l14q56zvqzphktzs2m0000gn/T/pytest-of-sravankumarbandaru/pytest-1/test_move_file_unknown_extensi0/Unknown/weird.xyz' (category 'Unknown')
2026-09-08 22:16:37 - INFO - movement.py:71 - file_organiser.movement - Destination folder ready: /private/var/folders/98/6d1s27l14q56zvqzphktzs2m0000gn/T/pytest-of-sravankumarbandaru/pytest-1/test_move_file_already_in_dest0/dest/Images
2026-09-08 22:16:37 - ERROR - movement.py:118 - file_organiser.movement - /private/var/folders/98/6d1s27l14q56zvqzphktzs2m0000gn/T/pytest-of-sravankumarbandaru/pytest-1/test_move_file_already_in_dest0/dest/Images/pic.jpg is already inside its destination folder
2026-09-08 22:16:37 - INFO - movement.py:71 - file_organiser.movement - Destination folder ready: /private/var/folders/98/6d1s27l14q56zvqzphktzs2m0000gn/T/pytest-of-sravankumarbandaru/pytest-1/test_move_file_creates_categor0/organized/Audio
2026-09-08 22:16:37 - INFO - movement.py:163 - file_organiser.movement - Moved '/private/var/folders/98/6d1s27l14q56zvqzphktzs2m0000gn/T/pytest-of-sravankumarbandaru/pytest-1/test_move_file_creates_categor0/song.mp3' -> '/private/var/folders/98/6d1s27l14q56zvqzphktzs2m0000gn/T/pytest-of-sravankumarbandaru/pytest-1/test_move_file_creates_categor0/organized/Audio/song.mp3' (category 'Audio')
2026-09-08 22:17:06 - WARNING - detection.py:92 - file_organiser.detection - Unsupported file type: file.xyz (extension '.xyz')
2026-09-08 22:17:06 - WARNING - detection.py:92 - file_organiser.detection - Unsupported file type: file.xyz (extension '.xyz')
2026-09-08 22:17:06 - INFO - movement.py:71 - file_organiser.movement - Destination folder ready: /private/var/folders/98/6d1s27l14q56zvqzphktzs2m0000gn/T/pytest-of-sravankumarbandaru/pytest-2/test_ensure_destination_create0/new_folder
2026-09-08 22:17:06 - INFO - movement.py:71 - file_organiser.movement - Destination folder ready: /private/var/folders/98/6d1s27l14q56zvqzphktzs2m0000gn/T/pytest-of-sravankumarbandaru/pytest-2/test_ensure_destination_existi0/existing
2026-09-08 22:17:06 - INFO - movement.py:71 - file_organiser.movement - Destination folder ready: /private/var/folders/98/6d1s27l14q56zvqzphktzs2m0000gn/T/pytest-of-sravankumarbandaru/pytest-2/test_move_file_basic0/dest/Images
2026-09-08 22:17:06 - INFO - movement.py:163 - file_organiser.movement - Moved '/private/var/folders/98/6d1s27l14q56zvqzphktzs2m0000gn/T/pytest-of-sravankumarbandaru/pytest-2/test_move_file_basic0/src/photo.jpg' -> '/private/var/folders/98/6d1s27l14q56zvqzphktzs2m0000gn/T/pytest-of-sravankumarbandaru/pytest-2/test_move_file_basic0/dest/Images/photo.jpg' (category 'Images')
2026-09-08 22:17:06 - ERROR - movement.py:97 - file_organiser.movement - File does not exist: /private/var/folders/98/6d1s27l14q56zvqzphktzs2m0000gn/T/pytest-of-sravankumarbandaru/pytest-2/test_move_file_missing_source0/nonexistent.txt
2026-09-08 22:17:06 - INFO - movement.py:71 - file_organiser.movement - Destination folder ready: /private/var/folders/98/6d1s27l14q56zvqzphktzs2m0000gn/T/pytest-of-sravankumarbandaru/pytest-2/test_move_file_duplicate_no_ov0/dest/Text
2026-09-08 22:17:06 - WARNING - movement.py:142 - file_organiser.movement - Duplicate file, refusing to overwrite: /private/var/folders/98/6d1s27l14q56zvqzphktzs2m0000gn/T/pytest-of-sravankumarbandaru/pytest-2/test_move_file_duplicate_no_ov0/dest/Text/file.txt
2026-09-08 22:17:06 - INFO - movement.py:71 - file_organiser.movement - Destination folder ready: /private/var/folders/98/6d1s27l14q56zvqzphktzs2m0000gn/T/pytest-of-sravankumarbandaru/pytest-2/test_move_file_duplicate_with_0/dest/Text
2026-09-08 22:17:06 - WARNING - movement.py:135 - file_organiser.movement - Overwriting existing destination: /private/var/folders/98/6d1s27l14q56zvqzphktzs2m0000gn/T/pytest-of-sravankumarbandaru/pytest-2/test_move_file_duplicate_with_0/dest/Text/file.txt
2026-09-08 22:17:06 - INFO - movement.py:163 - file_organiser.movement - Moved '/private/var/folders/98/6d1s27l14q56zvqzphktzs2m0000gn/T/pytest-of-sravankumarbandaru/pytest-2/test_move_file_duplicate_with_0/file.txt' -> '/private/var/folders/98/6d1s27l14q56zvqzphktzs2m0000gn/T/pytest-of-sravankumarbandaru/pytest-2/test_move_file_duplicate_with_0/dest/Text/file.txt' (category 'Text')
2026-09-08 22:17:06 - INFO - movement.py:71 - file_organiser.movement - Destination folder ready: /private/var/folders/98/6d1s27l14q56zvqzphktzs2m0000gn/T/pytest-of-sravankumarbandaru/pytest-2/test_move_file_unknown_extensi0/Unknown
2026-09-08 22:17:06 - INFO - movement.py:163 - file_organiser.movement - Moved '/private/var/folders/98/6d1s27l14q56zvqzphktzs2m0000gn/T/pytest-of-sravankumarbandaru/pytest-2/test_move_file_unknown_extensi0/weird.xyz' -> '/private/var/folders/98/6d1s27l14q56zvqzphktzs2m0000gn/T/pytest-of-sravankumarbandaru/pytest-2/test_move_file_unknown_extensi0/Unknown/weird.xyz' (category 'Unknown')
2026-09-08 22:17:06 - INFO - movement.py:71 - file_organiser.movement - Destination folder ready: /private/var/folders/98/6d1s27l14q56zvqzphktzs2m0000gn/T/pytest-of-sravankumarbandaru/pytest-2/test_move_file_already_in_dest0/dest/Images
2026-09-08 22:17:06 - ERROR - movement.py:118 - file_organiser.movement - /private/var/folders/98/6d1s27l14q56zvqzphktzs2m0000gn/T/pytest-of-sravankumarbandaru/pytest-2/test_move_file_already_in_dest0/dest/Images/pic.jpg is already inside its destination folder
2026-09-08 22:17:06 - INFO - movement.py:71 - file_organiser.movement - Destination folder ready: /private/var/folders/98/6d1s27l14q56zvqzphktzs2m0000gn/T/pytest-of-sravankumarbandaru/pytest-2/test_move_file_creates_categor0/organized/Audio
2026-09-08 22:17:06 - INFO - movement.py:163 - file_organiser.movement - Moved '/private/var/folders/98/6d1s27l14q56zvqzphktzs2m0000gn/T/pytest-of-sravankumarbandaru/pytest-2/test_move_file_creates_categor0/song.mp3' -> '/private/var/folders/98/6d1s27l14q56zvqzphktzs2m0000gn/T/pytest-of-sravankumarbandaru/pytest-2/test_move_file_creates_categor0/organized/Audio/song.mp3' (category 'Audio')
2026-09-08 22:22:49 - ERROR - main.py:147 - file_organiser.main - Source is not a directory: /tmp/fo_test/nope
2026-09-08 22:22:51 - WARNING - detection.py:92 - file_organiser.detection - Unsupported file type: file.xyz (extension '.xyz')
2026-09-08 22:22:51 - WARNING - detection.py:92 - file_organiser.detection - Unsupported file type: file.xyz (extension '.xyz')
2026-09-08 22:22:52 - INFO - movement.py:71 - file_organiser.movement - Destination folder ready: /private/var/folders/98/6d1s27l14q56zvqzphktzs2m0000gn/T/pytest-of-sravankumarbandaru/pytest-3/test_ensure_destination_create0/new_folder
2026-09-08 22:22:52 - INFO - movement.py:71 - file_organiser.movement - Destination folder ready: /private/var/folders/98/6d1s27l14q56zvqzphktzs2m0000gn/T/pytest-of-sravankumarbandaru/pytest-3/test_ensure_destination_existi0/existing
2026-09-08 22:22:52 - INFO - movement.py:71 - file_organiser.movement - Destination folder ready: /private/var/folders/98/6d1s27l14q56zvqzphktzs2m0000gn/T/pytest-of-sravankumarbandaru/pytest-3/test_move_file_basic0/dest/Images
2026-09-08 22:22:52 - INFO - movement.py:163 - file_organiser.movement - Moved '/private/var/folders/98/6d1s27l14q56zvqzphktzs2m0000gn/T/pytest-of-sravankumarbandaru/pytest-3/test_move_file_basic0/src/photo.jpg' -> '/private/var/folders/98/6d1s27l14q56zvqzphktzs2m0000gn/T/pytest-of-sravankumarbandaru/pytest-3/test_move_file_basic0/dest/Images/photo.jpg' (category 'Images')
2026-09-08 22:22:52 - ERROR - movement.py:97 - file_organiser.movement - File does not exist: /private/var/folders/98/6d1s27l14q56zvqzphktzs2m0000gn/T/pytest-of-sravankumarbandaru/pytest-3/test_move_file_missing_source0/nonexistent.txt
2026-09-08 22:22:52 - INFO - movement.py:71 - file_organiser.movement - Destination folder ready: /private/var/folders/98/6d1s27l14q56zvqzphktzs2m0000gn/T/pytest-of-sravankumarbandaru/pytest-3/test_move_file_duplicate_no_ov0/dest/Text
2026-09-08 22:22:52 - WARNING - movement.py:142 - file_organiser.movement - Duplicate file, refusing to overwrite: /private/var/folders/98/6d1s27l14q56zvqzphktzs2m0000gn/T/pytest-of-sravankumarbandaru/pytest-3/test_move_file_duplicate_no_ov0/dest/Text/file.txt
2026-09-08 22:22:52 - INFO - movement.py:71 - file_organiser.movement - Destination folder ready: /private/var/folders/98/6d1s27l14q56zvqzphktzs2m0000gn/T/pytest-of-sravankumarbandaru/pytest-3/test_move_file_duplicate_with_0/dest/Text
2026-09-08 22:22:52 - WARNING - movement.py:135 - file_organiser.movement - Overwriting existing destination: /private/var/folders/98/6d1s27l14q56zvqzphktzs2m0000gn/T/pytest-of-sravankumarbandaru/pytest-3/test_move_file_duplicate_with_0/dest/Text/file.txt
2026-09-08 22:22:52 - INFO - movement.py:163 - file_organiser.movement - Moved '/private/var/folders/98/6d1s27l14q56zvqzphktzs2m0000gn/T/pytest-of-sravankumarbandaru/pytest-3/test_move_file_duplicate_with_0/file.txt' -> '/private/var/folders/98/6d1s27l14q56zvqzphktzs2m0000gn/T/pytest-of-sravankumarbandaru/pytest-3/test_move_file_duplicate_with_0/dest/Text/file.txt' (category 'Text')
2026-09-08 22:22:52 - INFO - movement.py:71 - file_organiser.movement - Destination folder ready: /private/var/folders/98/6d1s27l14q56zvqzphktzs2m0000gn/T/pytest-of-sravankumarbandaru/pytest-3/test_move_file_unknown_extensi0/Unknown
2026-09-08 22:22:52 - INFO - movement.py:163 - file_organiser.movement - Moved '/private/var/folders/98/6d1s27l14q56zvqzphktzs2m0000gn/T/pytest-of-sravankumarbandaru/pytest-3/test_move_file_unknown_extensi0/weird.xyz' -> '/private/var/folders/98/6d1s27l14q56zvqzphktzs2m0000gn/T/pytest-of-sravankumarbandaru/pytest-3/test_move_file_unknown_extensi0/Unknown/weird.xyz' (category 'Unknown')
2026-09-08 22:22:52 - INFO - movement.py:71 - file_organiser.movement - Destination folder ready: /private/var/folders/98/6d1s27l14q56zvqzphktzs2m0000gn/T/pytest-of-sravankumarbandaru/pytest-3/test_move_file_already_in_dest0/dest/Images
2026-09-08 22:22:52 - ERROR - movement.py:118 - file_organiser.movement - /private/var/folders/98/6d1s27l14q56zvqzphktzs2m0000gn/T/pytest-of-sravankumarbandaru/pytest-3/test_move_file_already_in_dest0/dest/Images/pic.jpg is already inside its destination folder
2026-09-08 22:22:52 - INFO - movement.py:71 - file_organiser.movement - Destination folder ready: /private/var/folders/98/6d1s27l14q56zvqzphktzs2m0000gn/T/pytest-of-sravankumarbandaru/pytest-3/test_move_file_creates_categor0/organized/Audio
2026-09-08 22:22:52 - INFO - movement.py:163 - file_organiser.movement - Moved '/private/var/folders/98/6d1s27l14q56zvqzphktzs2m0000gn/T/pytest-of-sravankumarbandaru/pytest-3/test_move_file_creates_categor0/song.mp3' -> '/private/var/folders/98/6d1s27l14q56zvqzphktzs2m0000gn/T/pytest-of-sravankumarbandaru/pytest-3/test_move_file_creates_categor0/organized/Audio/song.mp3' (category 'Audio')
